// Jest Snapshot v1, https://goo.gl/fbAQLP

exports[`App renders correctly 1`] = `
<DocumentFragment>
  <div
    class="App"
  >
    <img
      alt="NASA logo"
      class="logo"
      data-testid="NASA-logo"
      src="https://cdn.cnn.com/cnnnext/dam/assets/200424060716-nasa-worm-logo.jpg"
    />
    <form
      class="search-form"
    >
      <input
        class="search-input"
        data-testid="search-input"
        placeholder="Search"
        type="text"
      />
      <button
        class="search-button"
        type="submit"
      >
        GO
      </button>
    </form>
  </div>
</DocumentFragment>
`;
