// Jest Snapshot v1, https://goo.gl/fbAQLP

exports[`Search renders correctly 1`] = `
<DocumentFragment>
  <input
    class="search-input"
    data-testid="search-input"
    placeholder="Search"
    type="text"
  />
</DocumentFragment>
`;
